../Core/Src/main.c:148:5:main	376	static
../Core/Src/main.c:338:6:SystemClock_Config	160	static
../Core/Src/main.c:388:13:MX_TIM1_Init	56	static
../Core/Src/main.c:439:13:MX_TIM2_Init	56	static
../Core/Src/main.c:488:13:MX_TIM3_Init	56	static
../Core/Src/main.c:537:13:MX_TIM4_Init	64	static
../Core/Src/main.c:604:13:MX_USART2_UART_Init	8	static
../Core/Src/main.c:639:13:MX_USART3_UART_Init	8	static
../Core/Src/main.c:672:13:MX_DMA_Init	16	static
../Core/Src/main.c:690:13:MX_GPIO_Init	48	static
../Core/Src/main.c:737:6:drive_motor	16	static
../Core/Src/main.c:761:6:motor_init	16	static
../Core/Src/main.c:767:6:pid_init	32	static
../Core/Src/main.c:790:6:pid_set_target	16	static
../Core/Src/main.c:795:6:pid_loop	24	static
../Core/Src/main.c:814:6:pid_set_pos	16	static
../Core/Src/main.c:819:10:encoder_read_raw	24	static
../Core/Src/main.c:825:6:HAL_UART_RxCpltCallback	16	static
../Core/Src/main.c:831:9:parse_command	72	dynamic
../Core/Src/main.c:864:5:clamp	24	static
../Core/Src/main.c:874:6:off	24	static
../Core/Src/main.c:880:6:block	24	static
../Core/Src/main.c:886:6:update_state	64	static
../Core/Src/main.c:927:6:tension	88	static
../Core/Src/main.c:957:6:Error_Handler	4	static,ignoring_inline_asm
