../Core/Src/main.c:146:5:main	376	static
../Core/Src/main.c:326:6:SystemClock_Config	72	static
../Core/Src/main.c:365:13:MX_TIM1_Init	56	static
../Core/Src/main.c:415:13:MX_TIM2_Init	56	static
../Core/Src/main.c:464:13:MX_TIM3_Init	56	static
../Core/Src/main.c:513:13:MX_TIM4_Init	64	static
../Core/Src/main.c:580:13:MX_USART3_UART_Init	8	static
../Core/Src/main.c:611:13:MX_DMA_Init	16	static
../Core/Src/main.c:629:13:MX_GPIO_Init	40	static
../Core/Src/main.c:682:6:drive_motor	16	static
../Core/Src/main.c:706:6:motor_init	16	static
../Core/Src/main.c:712:6:pid_init	24	static
../Core/Src/main.c:735:6:pid_set_target	16	static
../Core/Src/main.c:740:6:pid_loop	32	static
../Core/Src/main.c:759:6:pid_set_pos	16	static
../Core/Src/main.c:764:10:encoder_read_raw	24	static
../Core/Src/main.c:770:6:HAL_UART_RxCpltCallback	16	static
../Core/Src/main.c:776:9:parse_command	72	dynamic
../Core/Src/main.c:809:5:clamp	24	static
../Core/Src/main.c:819:6:off	24	static
../Core/Src/main.c:825:6:block	24	static
../Core/Src/main.c:831:6:update_state	64	static
../Core/Src/main.c:873:6:tension	32	static
../Core/Src/main.c:901:6:Error_Handler	4	static,ignoring_inline_asm
