../Core/Src/main.c:146:5:main	376	static
../Core/Src/main.c:327:6:SystemClock_Config	72	static
../Core/Src/main.c:366:13:MX_TIM1_Init	56	static
../Core/Src/main.c:416:13:MX_TIM2_Init	56	static
../Core/Src/main.c:465:13:MX_TIM3_Init	56	static
../Core/Src/main.c:514:13:MX_TIM4_Init	64	static
../Core/Src/main.c:581:13:MX_USART3_UART_Init	8	static
../Core/Src/main.c:612:13:MX_DMA_Init	16	static
../Core/Src/main.c:630:13:MX_GPIO_Init	40	static
../Core/Src/main.c:683:6:drive_motor	16	static
../Core/Src/main.c:707:6:motor_init	16	static
../Core/Src/main.c:713:6:pid_init	24	static
../Core/Src/main.c:736:6:pid_set_target	16	static
../Core/Src/main.c:741:6:pid_loop	32	static
../Core/Src/main.c:760:6:pid_set_pos	16	static
../Core/Src/main.c:765:10:encoder_read_raw	24	static
../Core/Src/main.c:771:6:HAL_UART_RxCpltCallback	16	static
../Core/Src/main.c:777:9:parse_command	72	dynamic
../Core/Src/main.c:810:5:clamp	24	static
../Core/Src/main.c:820:6:off	24	static
../Core/Src/main.c:826:6:block	24	static
../Core/Src/main.c:832:6:update_state	64	static
../Core/Src/main.c:874:6:tension	32	static
../Core/Src/main.c:902:6:Error_Handler	4	static,ignoring_inline_asm
